// Jest Snapshot v1, https://goo.gl/fbAQLP

exports[`signUpPageReducer returns the initial state 1`] = `
Object {
  "password": "",
  "username": "",
}
`;
